[    0.000000] Initializing cgroup subsys cpuset
[    0.000000] Initializing cgroup subsys cpu
[    0.000000] Initializing cgroup subsys cpuacct
[    0.000000] Linux version 4.4.0-154-generic (buildd@lgw01-amd64-049) (gcc version 5.4.0 20160609 (Ubuntu 5.4.0-6ubuntu1~16.04.10) ) #181-Ubuntu SMP Tue Jun 25 05:29:03 UTC 2019 (Ubuntu 4.4.0-154.181-generic 4.4.179)
[    0.000000] Command line: BOOT_IMAGE=/boot/vmlinuz-4.4.0-154-generic root=LABEL=cloudimg-rootfs ro console=tty1 console=ttyS0
[    0.000000] KERNEL supported cpus:
[    0.000000]   Intel GenuineIntel
[    0.000000]   AMD AuthenticAMD
[    0.000000]   Centaur CentaurHauls
[    0.000000] x86/fpu: Legacy x87 FPU dtected.
[    0.000000] e820: BIOS-provided physical RAM map:
[    0.000000] BIOS-e820: [mem 0x0000000000000000-0x000000000009fbff] usable
[    0.000000] BIOS-e820: [mem 0x000000000009fc00-0x000000000009ffff] reserved
[    0.000000] BIOS-e820: [mem 0x00000000000f0000-0x00000000000fffff] reserved
[    0.000000] BIOS-e820: [mem 0x0000000000100000-0x000000003ffeffff] usable
[    0.000000] BIOS-e820: [mem 0x000000003fff0000-0x000000003fffffff] ACPI data
[    0.000000] BIOS-e820: [mem 0x00000000fec00000-0x00000000fec00fff] reserved
[    0.000000] BIOS-e820: [mem 0x00000000fee00000-0x00000000fee00fff] reserved
[    0.000000] BIOS-e820: [mem 0x00000000fffc0000-0x00000000ffffffff] reserved
[    0.000000] NX (Execute Disable) protection: active
[    0.000000] SMBIOS 2.5 present.
[    0.000000] Hypervisor detected: KVM
[    0.000000] e820: last_pfn = 0x3fff0 max_arch_pfn = 0x400000000
[    0.000000] MTRR: Disabled
[    0.000000] x86/PAT: MTRRs disabled, skipping PAT initialization too.
[    0.000000] CPU MTRRs all blank - virtualized system.
[    0.000000] x86/PAT: Configuration [0-7]: WB  WT  UC- UC  WB  WT  UC- UC  
[    0.000000] found SMP MP-table at [mem 0x0009fff0-0x0009ffff] mapped at [ffff88000009fff0]
[    0.000000] Scanning 1 areas for low memory corruption
[    0.000000] RAMDISK: [mem 0x362fa000-0x37174fff]
[    0.000000] ACPI: Early table checksum verification disabled
[    0.000000] ACPI: RSDP 0x00000000000E0000 000024 (v02 VBOX  )
[    0.000000] ACPI: XSDT 0x000000003FFF0030 00003C (v01 VBOX   VBOXXSDT 00000001 ASL  00000061)
[    0.000000] ACPI: FACP 0x000000003FFF00F0 0000F4 (v04 VBOX   VBOXFACP 00000001 ASL  00000061)
[    0.000000] ACPI: DSDT 0x000000003FFF0470 0021FF (v02 VBOX   VBOXBIOS 00000002 INTL 20180105)
[    0.000000] API: FACS 0x000000003FFF0200 000040
[    0.000000] ACPI: FACS 0x000000003FFF0200 000040
[    0.000000] ACPI: APIC 0x000000003FFF0240 00005C (v02 VBOX   VBOXAPIC 00000001 ASL  00000061)
[    0.000000] ACPI: SSDT 0x000000003FFF02A0 0001CC (v01 VBOX   VBOXCPUT 00000002 INTL 20180105)
[    0.000000] No NUMA configuration found
[    0.000000] Faking a node at [mem 0x0000000000000000-0x000000003ffeffff]
[    0.000000] NODE_DATA(0) allocated [mem 0x3ffeb000-0x3ffeffff]
[    0.000000] kvm-clock: Using msrs 4b564d01 and 4b564d00
[    0.000000] kvm-clock: cpu 0, msr 0:3ffe3001, primary cpu clock
[    0.000000] kvm-clock: using sched offset of 4868645876 cycles
[    0.000000] clocksource: kvm-clock: mask: 0xffffffffffffffff max_cycles: 0x1cd42e4dffb, max_idle_ns: 881590591483 ns
[    0.000000] Zone ranges:
[    0.000000]   DMA      [mem 0x0000000000001000-0x0000000000ffffff]
[    0.000000]   DMA32    [mem 0x0000000001000000-0x000000003ffeffff]
[    0.000000]   Normal   empty
[    0.000000]   Device   empty
[    0.000000] Movable zone start for each node
[    0.0000000] Early memory node ranges
[    0.000000]   node   0: [mem 0x0000000000001000-0x000000000009efff]
[    0.000000]   node   0: [mem 0x0000000000100000-0x000000003ffeffff]
[    0.000000] Initmem setup node 0 [mem 0x0000000000001000-0x000000003ffeffff]
[    0.000000] ACPI: PM-Timer IO Port: 0x4008
[    0.000000] IOAPIC[0]: apic_id 2, version 32, address 0xfec00000, GSI 0-23
[    0.000000] ACPI: INT_SRC_OVR (bus 0 bus_irq 0 global_irq 2 dfl dfl)
[    0.000000] ACPI: INT_SRC_OVR (bus 0 bus_irq 9 global_irq 9 low level)
[    0.000000] Using ACPI (MADT) for SMP configuration information
[    0.000000] smpboot: Allowing 2 CPUs, 0 hotplug CPUs
[    0.000000] PM: Registered nosave memory: [mem 0x00000000-0x00000fff]
[    0.000000] PM: Registered nosave memory: [mem 0x0009f000-0x0009ffff]
[    0.000000] PM: Registered nosave memory: [mem 0x000a0000-0x000effff]
[    0.000000] PM: Registered nosave memory: [mem 0x000f0000-0x000fffff]
[    0.000000] e820: [mem 0x40000000-0xfebfffff] available for PCI devices
[    0.000000] Booting paravirtualized kernel on KVM
[    0.000000] clocksource: refined-jiffies: mask: 0xffffffff max_cycles: 0xffffffff, max_idle_ns: 7645519600211568 ns
[    0.000000] setup_percpu: NR_CPUS:512 nr_cpumask_bits:512 nr_cpu_ids:2 nr_node_ids:1
[    0.000000] PERCPU: Embedded 34 pages/cpu @ffff88003fc00000 s99480 r8192 d31592 u1048576
[    0.000000] Built 1 zonelists in Node order, mobility grouping on.  Total pages: 257912
[    0.000000] Policy zone: DMA32
[    0.000000] Kernel command line: BOOT_IMAGE=/boot/vmlinuz-4.4.0-154-generic root=LABEL=cloudimg-rootfs ro console=tty1 console=ttyS0
[    0.000000] PID hash table entries: 4096 (order: 3, 32768 bytes)
[    0.000000] Memory: 997732K/1048120K available (8613K kernel code, 1335K rwdata, 4028K rodata, 1484K init, 1284K bss, 50388K reserved, 0K cma-reserved)
[    0.000000] SLUB: HWalign=64, Order=0-3, MinObjects=0, CPUs=2, Nodes=1
[    0.000000] Kernel/User page tables isolation: enabled
[    0.000000] Hierarchical RCU implementation.
[    0.000000] 	Build-time adjustment of leaf fanout to 64.
[    0.000000] 	RCU restricting CPUs from NR_CPUS=512 to nr_cpu_ids=2.
[    0.000000] RCU: Adjusting geometry for rcu_fanout_leaf=64, nr_cpu_ids=2
[    0.000000] NR_IRQS:33024 nr_irqs:440 16
[    0.000000] Console: colour VGA+ 80x25
[    0.000000] console [tty1] enabled
[    0.000000] console [ttyS0] enabled
[    0.000000] tsc: Detected 2992.498 MHz processor
[    0.957854] Calibrating delay loop (skipped) preset value.. 5984.99 BogoMIPS (lpj=11969992)
[    0.960769] pid_max: default: 32768 minimum: 301
[    0.962300] ACPI: Core revision 20150930
[    0.964966] ACPI: 2 ACPI AML tables successfully acquired and loaded
[    0.967140] Security Framework initialized
[    1.005021] Yama: becoming mindful.
[    1.006391] AppArmor: AppArmor initialized
[    1.007990] Dentry cache hash table entries: 131072 (order: 8, 1048576 bytes)
[    1.010601] Inode-cache hash table entries: 65536 (order: 7, 524288 bytes)
[    1.012886] Mount-cache hash table entries: 2048 (order: 2, 16384 bytes)
[    1.105209] Mountpoint-cache hash table entries: 2048 (order: 2, 16384 bytes)
[    1.244517] Initializing cgroup subsys io
[    1.308659] Initializing cgroup subsys memory
[    1.383980] Initializing cgroup subsys devices
[    1.465044] Initializing cgroup subsys freezer
[    1.466550] Initializing cgroup subsys net_cls
[    1.468048] Initializing cgroup subsys perf_event
[    1.469596] Initializing cgroup subsys net_prio
[    1.471146] Initializing cgroup subsys hugetlb
[    1.505048] Initializing cgroup subsys pids
[    1.585140] mce: CPU supports 0 MCE banks
[    1.663991] Last level iTLB entries: 4KB 128, 2MB 4, 4MB 4
[    1.769230] Last level dTLB entries: 4KB 256, 2MB 0, 4MB 32, 1GB 0
[    1.771085] Spectre V2 : Mitigation: Full generic retpoline
[    1.772854] Spectre V2 : Spectre v2 / SpectreRSB mitigation: Filling RSB on context switch
[    1.775608] Speculative Store Bypass: Vulnerable
[    1.778067] MDS: Vulnerable: Clear CPU buffers attempted, no microcode
[    1.783576] Freeing SMP alternatives memory: 36K
[    1.803505] ftrace: allocating 32299 entries in 127 pages
[    1.878685] smpboot: APIC(0) Converting physical 0 to logical package 0
[    1.985905] smpboot: Max logical packages: 1
[    1.987965] x2apic enabled
[    1.989616] Switched APIC routing to physical x2apic.
[    1.993651] ..TIMER: vector=0x30 apic1=0 pin1=2 apic2=-1 pin2=-1
[    2.100098] smpboot: CPU0: Intel(R) Core(TM)2 Duo CPU     E8400  @ 3.00GHz (family: 0x6, model: 0x17, stepping: 0xa)
[    2.103687] Performance Events: unsupported p6 CPU model 23 no PMU driver, software events only.
[    2.307835] KVM setup paravirtual spinlock
[    2.310876] x86: Booting SMP configuration:
[    2.312309] .... node  #0, CPUs:      #1
[    2.316338] kvm-clock: cpu 1, msr 0:3ffe3041, secondary cpu clock
[    2.334908] mce: CPU supports 0 MCE banks
[    2.338073] x86: Booted up 1 node, 2 CPUs
[    2.339965] smpboot: Total of 2 processors activated (11969.99 BogoMIPS)
[    2.342551] devtmpfs: initialized
[    2.346604] evm: security.selinux
[    2.347868] evm: security.SMACK64
[    2.349113] evm: security.SMACK64EXEC
[    2.350447] evm: security.SMACK64TRANSMUTE
[    2.351867] evm: security.SMACK64MMAP
[    2.353202] evm: security.ima
[    2.354382] evm: security.capability
[    2.355877] clocksource: jiffies: mask: 0xffffffff max_cycles: 0xffffffff, max_idle_ns: 7645041785100000 ns
[    2.359036] futex hash table entries: 512 (order: 3, 32768 bytes)
[    2.361063] pinctrl core: initialized pinctrl subsystem
[    2.362915] RTC time: 17:01:25, date: 08/22/19
[    2.364806] NET: Registered protocol family 16
[    2.376319] cpuidle: using governor ladder
[    2.388415] cpuidle: using governor menu
[    2.389870] PCCT header not found.
[    2.413709] ACPI: bus type PCI registered
[    2.424259] acpiphp: ACPI Hot Plug PCI Controller Driver version: 0.5
[    2.426305] PCI: Using configuration type 1 for base access
[    2.440760] ACPI: Added _OSI(Module Device)
[    2.442205] ACPI: Added _OSI(Processor Device)
[    2.443721] ACPI: Added _OSI(3.0 _SCP Extensions)
[    2.445284] ACPI: Added _OSI(Processor Aggregator Device)
[    2.519656] ACPI: Executed 1 blocks of module-level executable AML code
[    2.550085] ACPI: Interpreter enabled
[    2.551418] ACPI: (supports S0 S5)
[    2.552688] ACPI: Using IOAPIC for interrupt routing
[    2.554485] PCI: Using host bridge windows from ACPI; if necessary, use "pci=nocrs" and report a bug
[    2.562041] ACPI: PCI Root Bridge [PCI0] (domain 0000 [bus 00-ff])
[    2.563930] acpi PNP0A03:00: _OSC: OS supports [ASPM ClockPM Segments MSI]
[    2.652001] acpi PNP0A03:00: _OSC: not requesting OS control; OS requires [ExtendedConfig ASPM ClockPM MSI]
[    2.655098] acpi PNP0A03:00: fail to add MMCONFIG information, can't access extended PCI configuration space under this bridge.
[    2.658926] PCI host bridge to bus 0000:00
[    2.660345] pci_bus 0000:00: root bus resource [io  0x0000-0x0cf7 window]
[    2.662335] pci_bus 0000:00: root bus resource [io  0x0d00-0xffff window]
[    2.664336] pci_bus 0000:00: root bus resource [mem 0x000a0000-0x000bffff window]
[    2.666939] pci_bus 0000:00: root bus resource [mem 0x40000000-0xfdffffff window]
[    2.669546] pci_bus 0000:00: root bus resource [bus 00-ff]
[    2.734555] pci 0000:00:01.1: legacy IDE quirk: reg 0x10: [io  0x01f0-0x01f7]
[    2.736620] pci 0000:00:01.1: legacy IDE quirk: reg 0x14: [io  0x03f6]
[    2.743865] pci 0000:00:01.1: legacy IDE quirk: reg 0x18: [io  0x0170-0x0177]
[    2.745954] pci 0000:00:01.1: legacy IDE quirk: reg 0x1c: [io  0x0376]
[    2.770650] pci 0000:00:07.0: quirk: [io  0x4000-0x403f] claimed by PIIX4 ACPI
[    2.774603] pci 0000:00:07.0: quirk: [io  0x4100-0x410f] claimed by PIIX4 SMB
[    2.784240] ACPI: PCI Interrupt Link [LNKA] (IRQs 5 9 10 *11)
[    2.788357] ACPI: PCI Interrupt Link [LNKB] (IRQs 5 9 *10 11)
[    2.790786] ACPI: PCI Interrupt Link [LNKC] (IRQs 5 *9 10 11)
[    2.793213] ACPI: PCI Interrupt Link [LNKD] (IRQs 5 9 10 *11)
[    2.795733] ACPI: Enabled 2 GPEs in block 00 to 07
[    2.820609] vgaarb: setting as boot device: PCI:0000:00:02.0
[    2.822378] vgaarb: device added: PCI:0000:00:02.0,decodes=io+mem,owns=io+mem,locks=none
[    2.825127] vgaarb: loaded
[    2.826251] vgaarb: bridge control possible 0000:00:02.0
[    2.828596] SCSI subsystem initialized
[    2.830404] ACPI: bus type USB registered
[    2.831863] usbcore: registered new interface driver usbfs
[    2.833639] usbcore: registered new interface driver hub
[    2.836970] usbcore: registered new device driver usb
[    2.844397] PCI: Using ACPI for IRQ routing
[    2.846547] NetLabel: Initializing
[    2.847821] NetLabel:  domain hash size = 128
[    2.849310] NetLabel:  protocols = UNLABELED CIPSOv4
[    2.881252] NetLabel:  unlabeled traffic allowed by default
[    2.896525] amd_nb: Cannot enumerate AMD northbridges
[    2.898281] clocksource: Switched to clocksource kvm-clock
[    2.91442 AppArmor:AppArmor Filesystem Enabled
[    3.036409] pnp: PnP ACPI init
[    3.038674] pnp: PnP ACPI: found 3 devices

[    3.052020] clocksource: acpi_pm: mask: 0xffffff max_cycles: 0xffffff, max_idle_ns: 2085701024 ns
[    3.055196] NET: Registered protocol family 2
[    3.057221] TCP established hash table entries: 8192 (order: 4, 65536 bytes)
[    3.059475] TCP bind hash table entries: 8192 (order: 5, 131072 bytes)
[    3.061570] TCP: Hash tables configured (established 8192 bind 8192)
[    3.063639] UDP hash table entries: 512 (order: 2, 16384 bytes)
[    3.065580] UDP-Lite hash table entries: 512 (order: 2, 16384 bytes)
[    3.067667] NET: Registered protocol family 1
[    3.069264] pci 0000:00:00.0: Limiting direct PCI/PCI transfers
[    3.071185] pci 0000:00:01.0: Activating ISA DMA hang workarounds
[    3.073372] Unpacking initramfs...
[    3.334650] Freeing initrd memory: 14828K
[    3.336462] clocksource: tsc: mask: 0xffffffffffffffff max_cycles: 0x2b2296bc2b9, max_idle_ns: 440795321505 ns
[    3.339980] platform rtc_cmos: registered platform RTC device (no PNP device found)
[    3.344980] Scanning for low memory corruption every 60 seconds
[    3.347376] audit: initializing netlink subsys (disabled)
[    3.349168] audit: type=2000 audit(1566493290.734:1): initialized
[    3.351561] Initialise system trusted keyring
[    3.353340] HugeTLB registered 2 MB page size, pre-allocated 0 pages
[    3.357348] zbud: loaded
[    3.364709] VFS: Disk quotas dquot_6.6.0
[    3.366196] VFS: Dquot-cache hash table entries: 512 (order 0, 4096 bytes)
[    3.368676] squashfs: version 4.0 (2009/01/31) Phillip Lougher
[    3.370937] fuse init (API version 7.23)
[    3.372549] Key type big_key registered
[    3.384009] Allocating IMA MOK and blacklist keyrings.
[    3.387880] Key type asymmetric registered
[    3.389353] Asymmetric key parser 'x509' registered
[    3.391175] Block layer SCSI generic (bsg) driver version 0.4 loaded (major 249)
[    3.393978] io scheduler noop registered
[    3.444191] io scheduler deadline registered (default)
[    3.446108] io scheduler cfq registered
[    3.447746] pci_hotplug: PCI Hot Plug PCI Core version: 0.5
[    3.449602] pciehp: PCI Express Hot Plug Controller Driver version: 0.4
[    3.495023] ACPI: AC Adapter [AC] (on-line)
[    3.496625] input: Power Button as /devices/LNXSYSTM:00/LNXPWRBN:00/input/input0
[    3.499575] ACPI: Power Button [PWRF]
[    3.501053] input: Sleep Button as /devices/LNXSYSTM:00/LNXSLPBN:00/input/input1
[    3.505474] ACPI: Sleep Button [SLPF]
[    3.507225] GHES: HEST is not enabled!
[    3.508794] Serial: 8250/16550 driver, 32 ports, IRQ sharing enabled
[    3.533857] 00:02: ttyS0 at I/O 0x3f8 (irq = 4, base_baud = 115200) is a 16550A
[    3.576906] Linux agpgart interface v0.103
[    3.580999] loop: module loaded
[    3.583336] scsi host0: ata_piix
[    3.584867] scsi host1: ata_piix
[    3.586232] ata1: PATA max UDMA/33 cmd 0x1f0 ctl 0x3f6 bmdma 0xd000 irq 14
[    3.588404] ata2: PATA max UDMA/33 cmd 0x170 ctl 0x376 bmdma 0xd008 irq 15
[    3.590711] libphy: Fixed MDIO Bus: probed
[    3.594587] tun: Universal TUN/TAP device driver, 1.6
[    3.604290] tun: (C) 1999-2004 Max Krasnyansky <maxk@qualcomm.com>
[    3.606303] PPP generic driver version 2.4.2
[    3.608005] ehci_hcd: USB 2.0 'Enhanced' Host Controller (EHCI) Driver
[    3.610058] ehci-pci: EHCI PCI platform driver
[    3.648780] ehci-platform: EHCI generic platform driver
[    3.650596] ohci_hcd: USB 1.1 'Open' Host Controller (OHCI) Driver
[    3.652562] ohci-pci: OHCI PCI platform driver
[    3.654299] ohci-platform: OHCI generic platform driver
[    3.854566] uhci_hcd: USB Universal Host Controller Interface driver
[    3.856591] i8042: PNP: PS/2 Controller [PNP0303:PS2K,PNP0f03:PS2M] at 0x60,0x64 irq 1,12
[    3.860125] serio: i8042 KBD port at 0x60,0x64 irq 1
[    3.861820] serio: i8042 AUX port at 0x60,0x64 irq 12
[    3.863677] mousedev: PS/2 mouse device common for all mice
[    3.866211] input: AT Translated Set 2 keyboard as /devices/platform/i8042/serio0/input/input2
[    3.866888] rtc_cmos rtc_cmos: rtc core: registered rtc_cmos as rtc0
[    3.867013] rtc_cmos rtc_cmos: alarms up to one day, 114 bytes nvram
[    3.867022] i2c /dev entries driver
[    3.867097] device-mapper: uevent: version 1.0.3
[    3.885588] device-mapper: ioctl: 4.34.0-ioctl (2015-10-28) initialised: dm-devel@redhat.com
[    3.885621] ledtrig-cpu: registered to indicate activity on CPUs
[    3.918695] NET: Registered protocol family 10
[    3.919090] NET: Registered protocol family 17
[    3.919113] Key type dns_resolver registered
[    3.919475] registered taskstats version 1
[    3.919503] Loading compiled-in X.509 certificates
[    3.920505] Loaded X.509 cert 'Build time autogenerated kernel key: 65139e04a67245b562a838c28b5e7032abdd4348'
[    3.920538] zswap: loaded using pool lzo/zbud
[    3.935061] Key type trusted registered
[    3.961991] Key type encrypted registered
[    3.961995] AppArmor: AppArmor sha1 policy hashing enabled
[    3.962012] ima: No TPM chip found, activating TPM-bypass!
[    3.962017] ima: Allocated hash algorithm: sha1
[    3.962048] evm: HMAC attrs: 0x1
[    3.962713]   Magic number: 15:430:37
[    3.962733] bdi 7:2: hash matches
[    3.984952] rtc_cmos rtc_cmos: setting system clock to 2019-08-22 17:01:26 UTC (1566493286)
[    3.986100] BIOS EDD facility v0.16 2004-Jun-25, 0 devices found
[    3.986100] EDD information not available.
[    4.061389] Freeing unused kernel memory: 1484K
[    4.082352] Write protecting the kernel read-only data: 14336k
[    4.507383] Freeing unused kernel memory: 1616K
[    4.509195] Freeing unused kernel memory: 68K
Loading, please wait...
starting version 229
[    4.693766] random: systemd-udevd: uninitialized urandom read (16 bytes read, 2 bits of entropy available)
[    4.700418] random: systemd-udevd: uninitialized urandom read (16 bytes read, 2 bits of entropy available)
[    4.705403] random: udevadm: uninitialized urandom read (16 bytes read, 2 bits of entropy available)
[    4.705627] random: udevadm: uninitialized urandom read (16 bytes read, 2 bits of entropy available)
[    4.716550] random: systemd-udevd: uninitialized urandom read (16 bytes read, 2 bits of entropy available)
[    4.721951] random: systemd-udevd: uninitialized urandom read (16 bytes read, 2 bits of entropy available)
[    4.774595] random: systemd-udevd: uninitialized urandom read (16 bytes read, 2 bits of entropy available)
[    4.779522] random: systemd-udevd: uninitialized urandom read (16 bytes read, 2 bits of entropy available)
[    4.784765] random: systemd-udevd: uninitialized urandom read (16 bytes read, 2 bits of entropy available)
[    4.800595] random: systemd-udevd: uninitialized urandom read (16 bytes read, 2 bits of entropy available)
[    5.067477] e1000: Intel(R) PRO/1000 Network Driver - version 7.3.21-k8-NAPI
[    5.086277] e1000: Copyright (c) 1999-2006 Intel Corporation.
[    5.096131] Fusion MPT base driver 3.04.20
[    5.098344] Copyright (c) 1999-2008 LSI Corporation
[    5.112630] Fusion MPT SPI Host driver 3.04.20
[    5.319479] input: ImExPS/2 Generic Explorer Mouse as /devices/platform/i8042/serio1/input/input4
[    5.686978] e1000 0000:00:03.0 eth0: (PCI:33MHz:32-bit) 02:1e:e5:6d:71:21
[    5.689219] e1000 0000:00:03.0 eth0: Intel(R) PRO/1000 Network Connection
[    5.692292] mptbase: ioc0: Initiating bringup
[    5.697560] e1000 0000:00:03.0 enp0s3: renamed from eth0
[    5.754792] ioc0: LSI53C1030 A0: Capabilities={Initiator}
[    5.916362] scsi host2: ioc0: LSI53C1030 A0, FwRev=00000000h, Ports=1, MaxQ=256, IRQ=20
[    6.034914] scsi 2:0:0:0: Direct-Access     VBOX     HARDDISK         1.0  PQ: 0 ANSI: 5
[    6.037662] scsi target2:0:0: Beginning Domain Validation
[    6.040844] scsi target2:0:0: Domain Validation skipping write tests
[    6.042760] scsi target2:0:0: Ending Domain Validation
[    6.044458] scsi target2:0:0: asynchronous
[    6.046264] scsi 2:0:1:0: Direct-Access     VBOX     HARDDISK         1.0  PQ: 0 ANSI: 5
[    6.049036] scsi target2:0:1: Beginning Domain Validation
[    6.051686] scsi target2:0:1: Domain Validation skipping write tests
[    6.053630] scsi target2:0:1: Ending Domain Validation
[    6.055353] scsi target2:0:1: asynchronous
[    6.062595] sd 2:0:0:0: Attached scsi generic sg0 type 0
[    6.064542] sd 2:0:0:0: [sda] 20971520 512-byte logical blocks: (10.7 GB/10.0 GiB)
[    6.069699] sd 2:0:1:0: Attached scsi generic sg1 type 0
[    6.071818] sd 2:0:1:0: [sdb] 20480 512-byte logical blocks: (10.5 MB/10.0 MiB)
[    6.075704] sd 2:0:0:0: [sda] Write Protect is off
[    6.077439] sd 2:0:1:0: [sdb] Write Protect is off
[    6.078349] sd 2:0:0:0: [sda] Incomplete mode parameter data
[    6.078350] sd 2:0:0:0: [sda] Assuming drive cache: write through
[    6.109057] sd 2:0:1:0: [sdb] Incomplete mode parameter data
[    6.110970] sd 2:0:1:0: [sdb] Assuming drive cache: write through
[    6.135440]  sda: sda1
[    6.138331] sd 2:0:0:0: [sda] Attached SCSI disk
[    6.150706] sd 2:0:1:0: [sdb] Attached SCSI disk
Begin: Loading e[    8.532448] md: linear personality registered for level -1
ssential drivers ... [    8.589567] md: multipath personality registered for level -4
[    8.618023] md: raid0 personality registered for level 0
[    8.644353] md: raid1 personality registered for level 1
[    8.743158] raid6: sse2x1   gen()  4816 MB/s
[    8.833215] raid6: sse2x1   xor()  5125 MB/s
[    8.913236] raid6: sse2x2   gen()  6566 MB/s
[    8.993283] raid6: sse2x2   xor()  6515 MB/s
[    9.083127] raid6: sse2x4   gen()  9252 MB/s
[    9.181293] raid6: sse2x4   xor()  7033 MB/s
[    9.204218] raid6: using algorithm sse2x4 gen() 9252 MB/s
[    9.205947] raid6: .... xor() 7033 MB/s, rmw enabled
[    9.214431] raid6: using ssse3x2 recovery algorithm
[    9.218127] xor: measuring software checksum speed
[    9.313133]    prefetch64-sse: 29024.000 MB/sec
[    9.413129]    generic_sse: 26383.000 MB/sec
[    9.414667] xor: using function: prefetch64-sse (29024.000 MB/sec)
[    9.425953] async_tx: api initialized (async)
[    9.470050] md: raid6 personality registered for level 6
[    9.494312] md: raid5 personality registered for level 5
[    9.496072] md: raid4 personality registered for level 4
[    9.550183] md: raid10 personality registered for level 10
done.
Begin: Running /scripts/init-premount ... done.
Begin: Mounting root file system ... Begin: Running /scripts/local-top ... done.
Begin: Running /scripts/local-premount ... [    9.756674] Btrfs loaded
Scanning for Btrfs filesystems
done.
Warning: fsck not present, so skipping root file system
[   10.027213] EXT4-fs (sda1): mounted filesystem with ordered data mode. Opts: (null)
done.
Begin: Running /scripts/local-bottom ... done.
Begin: Running /scripts/init-bottom ... done.
[   10.894808] systemd[1]: systemd 229 running in system mode. (+PAM +AUDIT +SELINUX +IMA +APPARMOR +SMACK +SYSVINIT +UTMP +LIBCRYPTSETUP +GCRYPT +GNUTLS +ACL +XZ -LZ4 +SECCOMP +BLKID +ELFUTILS +KMOD -IDN)
[   10.908913] systemd[1]: Detected virtualization oracle.
[   10.910715] systemd[1]: Detected architecture x86-64.

Welcome to [1mUbuntu 16.04.6 LTS[0m!

[   10.934950] systemd[1]: Set hostname to <ubuntu>.
[   10.952049] systemd[1]: Initializing machine ID from random generator.
[   10.965329] systemd[1]: Installed transient /etc/machine-id file.
[   11.083932] random: nonblocking pool is initialized
[   11.914758] systemd[1]: Listening on Syslog Socket.
[[0;32m  OK  [0m] Listening on Syslog Socket.
[   11.940141] systemd[1]: Started Forward Password Requests to Wall Directory Watch.
[[0;32m  OK  [0m] Started Forward Password Requests to Wall Directory Watch.
[   12.006580] systemd[1]: Reached target Swap.
[[0;32m  OK  [0m] Reached target Swap.
[   12.028775] systemd[1]: Started Trigger resolvconf update for networkd DNS.
[[0;32m  OK  [0m] Started Trigger resolvconf update for networkd DNS.
[   12.054166] systemd[1]: Listening on /dev/initctl Compatibility Named Pipe.
[[0;32m  OK  [0m] Listening on /dev/initctl Compatibility Named Pipe.
[   12.078579] systemd[1]: Listening on Journal Audit Socket.
[[0;32m  OK  [0m] Listening on Journal Audit Socket.
[   12.113848] systemd[1]: Reached target Encrypted Volumes.
[[0;32m  OK  [0m] Reached target Encrypted Volumes.
[   12.151438] systemd[1]: Reached target User and Group Name Lookups.
[[0;32m  OK  [0m] Reached target User and Group Name Lookups.
[   12.193611] systemd[1]: Listening on Journal Socket (/dev/log).
[[0;32m  OK  [0m] Listening on Journal Socket (/dev/log).
[   12.254862] systemd[1]: Listening on LVM2 metadata daemon socket.
[[0;32m  OK  [0m] Listening on LVM2 metadata daemon socket.
[   12.296791] systemd[1]: Listening on udev Kernel Socket.
[[0;32m  OK  [0m] Listening on udev Kernel Socket.
[   12.338384] systemd[1]: Listening on udev Control Socket.
[[0;32m  OK  [0m] Listening on udev Control Socket.
[   12.380249] systemd[1]: Listening on Device-mapper event daemon FIFOs.
[[0;32m  OK  [0m] Listening on Device-mapper event daemon FIFOs.
[   12.434683] systemd[1]: Reached target System Time Synchronized.
[[0;32m  OK  [0m] Reached target System Time Synchronized.
[   12.476778] systemd[1]: Listening on Journal Socket.
[[0;32m  OK  [0m] Listening on Journal Socket.
[   12.518232] systemd[1]: Listening on LVM2 poll daemon socket.
[[0;32m  OK  [0m] Listening on LVM2 poll daemon socket.
[   12.561429] systemd[1]: Created slice User and Session Slice.
[[0;32m  OK  [0m] Created slice User and Session Slice.
[   12.603921] systemd[1]: Set up automount Arbitrary Executable File Formats File System Automount Point.
[[0;32m  OK  [0m] Set up automount Arbitrary Executab...ats File System Automount Point.
[   12.667604] systemd[1]: Created slice System Slice.
[[0;32m  OK  [0m] Created slice System Slice.
[   12.727674] systemd[1]: Starting Monitoring of LVM2 mirrors, snapshots etc. using dmeventd or progress polling...
         Starting Monitoring of LVM2 mirrors... dmeventd or progress polling...
[   12.739644] systemd[1]: Starting Create list of required static device nodes for the current kernel...
         Starting Create list of required st... nodes for the current kernel...
[   12.777964] systemd[1]: Starting Set console keymap...
         Starting Set console keymap...
[   12.820278] systemd[1]: Mounting Debug File System...
         Mounting Debug File System...
[   12.840577] systemd[1]: Starting Nameserver information manager...
         Starting Nameserver information manager...
[   12.862536] systemd[1]: Reached target Slices.
[[0;32m  OK  [0m] Reached target Slices.
[   12.884842] systemd[1]: Created slice system-serial\x2dgetty.slice.
[[0;32m  OK  [0m] Created slice system-serial\x2dgetty.slice.
[   12.921860] systemd[1]: Mounting Huge Pages File System...
         Mounting Huge Pages File System...
[   13.003907] systemd[1]: Starting Load Kernel Modules...
         Starting Load Kernel Modules...
[   13.091500] systemd[1]: Starting Remount Root and Kernel File Systems...
         Starting Remount Root and Kernel File Systems...
[   13.109166] systemd[1]: Mounting POSIX Message Queue File System...
         Mounting POSIX Message Queue File System...
[   13.153652] Loading iSCSI transport class v2.0-870.
[   13.196075] EXT4-fs (sda1): re-mounted. Opts: (null)
[   13.209568] systemd[1]: Starting Journal Service...
         Starting Journal Service...
[   13.215073] iscsi: registered transport (tcp)
[   13.236297] systemd[1]: Starting Uncomplicated firewall...
         Starting Uncomplicated firewall...
[   13.283667] systemd[1]: Mounted POSIX Message Queue File System.
[[0;32m  OK  [0m] Mounted POSIX Message Queue File System.
[   13.311101] systemd[1]: Mounted Huge Pages File System.
[[0;32m  OK  [0m] Mounted Huge Pages File System.
[   13.320586] systemd[1]: Mounted Debug File System.
[[0;32m  OK  [0m] Mounted Debug File System.
[   13.327562] systemd[1]: Started Create list of required static device nodes for the current kernel.
[[0;32m  OK  [0m] Started Create list of required sta...ce nodes for the current kernel.
[   13.388073] systemd[1]: Started Remount Root and Kernel File Systems.
[[0;32m  OK  [0m] Started Remount Root and Kernel File Systems.
[   13.407715] systemd[1]: Started Uncomplicated firewall.
[[0;32m  OK  [0m] Started Uncomplicated firewall.
[   13.455856] systemd[1]: Started Nameserver information manager.
[[0;32m  OK  [0m] Started Nameserver information manager.
[   13.493271] systemd[1]: Started Set console keymap.
[[0;32m  OK  [0m] Started Set console keymap.
[   13.535339] iscsi: registered transport (iser)
[   13.545709] systemd[1]: Started Journal Service.
[[0;32m  OK  [0m] Started Journal Service.
[[0;32m  OK  [0m] Started Load Kernel Modules.
         Starting Apply Kernel Variables...
         Mounting FUSE Control File System...
[[0;32m  OK  [0m] Started LVM2 metadata daemon.
         Starting Load/Save Random Seed...
         Starting udev Coldplug all Devices...
         Starting Flush Journal to Persistent Storage...
         Starting Create Static Device Nodes in /dev...
[[0;32m  OK  [0m] Mounted FUSE Control File System.
[[0;32m  OK  [0m] Started Apply Kernel Variables.
[[0;32m  OK  [0m] Started Load/Save Random Seed.
[[0;32m  OK  [0m] Started Flush Journal to Persistent Storage.
[[0;32m  OK  [0m] Started Create Static Device Nodes in /dev.
         Starting udev Kernel Device Manager...
[[0;32m  OK  [0m] Started Monitoring of LVM2 mirrors,...ng dmeventd or progress polling.
[[0;32m  OK  [0m] Reached target Local File Systems (Pre).
[[0;32m  OK  [0m] Reached target Local File Systems.
         Starting Commit a transient machine-id on disk...
         Starting Tell Plymouth To Write Out Runtime Data...
         Starting Set console font and keymap...
         Starting LSB: AppArmor initialization...
         Starting Initial cloud-init job (pre-networking)...
         Starting Create Volatile Files and Directories...
[[0;32m  OK  [0m] Started Commit a transient machine-id on disk.
[[0;32m  OK  [0m] Started Tell Plymouth To Write Out Runtime Data.
[[0;32m  OK  [0m] Started Create Volatile Files and Directories.
         Starting Update UTMP about System Boot/Shutdown...
[[0;32m  OK  [0m] Started udev Kernel Device Manager.
[[0;32m  OK  [0m] Started Update UTMP about System Boot/Shutdown.
[[0;32m  OK  [0m] Started udev Coldplug all Devices.
[[0;32m  OK  [0m] Started Dispatch Password Requests to Console Directory Watch.
[[0;32m  OK  [0m] Found device /dev/ttyS0.
[[0;32m  OK  [0m] Listening on Load/Save RF Kill Switch Status /dev/rfkill Watch.
[[0;32m  OK  [0m] Started LSB: AppArmor initialization.
[   18.848687] cloud-init[465]: Cloud-init v. 19.1-1-gbaa47854-0ubuntu1~16.04.1 running 'init-local' at Thu, 22 Aug 2019 17:01:42 +0000. Up 17.17 seconds.
[[0;32m  OK  [0m] Started Initial cloud-init job (pre-networking).
[[0;32m  OK  [0m] Reached target Network (Pre).
         Starting Raise network interfaces...
[[0;32m  OK  [0m] Started Set console font and keymap.
[[0;32m  OK  [0m] Created slice system-getty.slice.
[[0;32m  OK  [0m] Started Raise network interfaces.
         Starting Initial cloud-init job (metadata service crawler)...
[[0;32m  OK  [0m] Reached target Network.
[   25.720937] cloud-init[942]: Cloud-init v. 19.1-1-gbaa47854-0ubuntu1~16.04.1 running 'init' at Thu, 22 Aug 2019 17:01:47 +0000. Up 22.18 seconds.
[   25.864353] cloud-init[942]: ci-info: ++++++++++++++++++++++++++++++++++++++Net device info++++++++++++++++++++++++++++++++++++++
[   25.877362] cloud-init[942]: ci-info: +--------+------+----------------------------+---------------+--------+-------------------+
[   25.933651] cloud-init[942]: ci-info: | Device |  Up  |          Address           |      Mask     | Scope  |     Hw-Address    |
[   25.957816] cloud-init[942]: ci-info: +--------+------+----------------------------+---------------+--------+-------------------+
[   25.961398] cloud-init[942]: ci-info: | enp0s3 | True |         10.0.2.15          | 255.255.255.0 | global | 02:1e:e5:6d:71:21 |
[   26.024497] cloud-init[942]: ci-info: | enp0s3 | True | fe80::1e:e5ff:fe6d:7121/64 |       .       |  link  | 02:1e:e5:6d:71:21 |
[   26.069177] cloud-init[942]: ci-info: |   lo   | True |         127.0.0.1          |   255.0.0.0   |  host  |         .         |
[   26.074440] cloud-init[942]: ci-info: |   lo   | True |          ::1/128           |       .       |  host  |         .         |
[   26.075030] cloud-init[942]: ci-info: +--------+------+----------------------------+---------------+--------+-------------------+
[   26.075652] cloud-init[942]: ci-info: +++++++++++++++++++++++++++Route IPv4 info++++++++++++++++++++++++++++
[   26.076243] cloud-init[942]: ci-info: +-------+-------------+----------+---------------+-----------+-------+
[   26.076839] cloud-init[942]: ci-info: | Route | Destination | Gateway  |    Genmask    | Interface | Flags |
[   26.077429] cloud-init[942]: ci-info: +-------+-------------+----------+---------------+-----------+-------+
[   26.078064] cloud-init[942]: ci-info: |   0   |   0.0.0.0   | 10.0.2.2 |    0.0.0.0    |   enp0s3  |   UG  |
[   26.078654] cloud-init[942]: ci-info: |   1   |   10.0.2.0  | 0.0.0.0  | 255.255.255.0 |   enp0s3  |   U   |
[   26.079302] cloud-init[942]: ci-info: +-------+-------------+----------+---------------+-----------+-------+
[   26.079890] cloud-init[942]: ci-info: +++++++++++++++++++Route IPv6 info+++++++++++++++++++
[   26.080481] cloud-init[942]: ci-info: +-------+-------------+---------+-----------+-------+
[   26.081100] cloud-init[942]: ci-info: | Route | Destination | Gateway | Interface | Flags |
[[0;32m  OK  [0m] Started Initial cloud-init job (metadata service crawler).
[   26.085297] cloud-init[942]: ci-info: +-------+-------------+---------+-----------+-------+
[   27.205418] cloud-init[942]: ci-info: |   0   |  fe80::/64  |    ::   |   enp0s3  |   U   |
[   27.218732] cloud-init[942]: ci-info: |   4   |   ff00::/8  |    ::   |   enp0s3  |   U   |
[[0;32m  OK  [0m] Reached target Network is Online.
[   27.244693] cloud-init[942]: ci-info: +-------+-------------+---------+-----------+-------+
         Starting iSCSI initiator daemon (iscsid)...
[[0;32m  OK  [0m] Reached target Cloud-config availability.
[   27.324372] [cloud-init[0;32m  OK  [0m[942]: ] Generating public/private rsa key pair.Reached target System Initialization.

[   27.441237] cloud-init[942]: Your identification has been saved in /etc/ssh/ssh_host_rsa_key.
[   27.513203] cloud-init[942]: Your public key has been saved in /etc/ssh/ssh_host_rsa_key.pub.
[[0;32m  OK  [0m] Started ACPI Events Check.
[[0;32m  OK  [0m] Reached target Paths.
[[0;32m  OK  [0m] Listening on UUID daemon activation socket.
         Starting Socket activation for snappy daemon.
         Starting LXD - unix socket.
[[0;32m  OK  [0m] Listening on D-Bus System Message Bus Socket.
[[0;32m  OK  [0m] Listening on ACPID Listen Socket.
[[0;32m  OK  [0m] Started Daily Cleanup of Temporary Directories.
[[0;32m  OK  [0m] Started Daily apt download activities.
[   27.846477] cloud-init[942]: The key fingerprint is:
[[0;32m  OK  [0m] Started Daily apt upgrade and clean activities.
[   27.907910] cloud-init[942]: SHA256:mCIyYgeewkQwTJnbsu+VW57FoWCVQEcWUmLqvCCi/n0 root@ubuntu-xenial
[[0;32m  OK  [0m] Reached target Timers.
[   27.931057] cloud-init[942]: The key's randomart image is:
[   28.036377] cloud-init[942]: +---[RSA 2048]----+
[   28.045701] cloud-init[942]: |*oo .*o*.        |
[   28.132620] cloud-init[942]: |.=  o * .        |
[[0;32m  OK  [0m] Listening on Socket activation for snappy daemon.
[   28.133185] cloud-init[942]: | oo.   o         |
[[0;32m  OK  [0m] Listening on LXD - unix socket.
[   28.147536] cloud-init[942]: |+o=.  .o         |
[   28.158291] cloud-init[942]: |B*++.oo S.       |
[   28.166244] cloud-init[942]: |B+o.o.o o .      |
[   28.172909] cloud-init[942]: |. .. o o o       |
[   28.180344] cloud-init[942]: |.  .o +Eo        |
[   28.185957] cloud-init[[0;32m  OK  [0m] Reached target Sockets.
[[0;32m  OK  [0m] Reached target Basic System.
[942]: | .oo o.o         |
[   28.270273] cloud-init[942]: +----[SHA256]-----+
         Starting Accounts Service...
[   28.293180] cloud-init[942]: Generating public/private dsa key pair.
[   28.300488] cloud-init[942]: Your identification has been saved in /etc/ssh/ssh_host_dsa_key.
[   28.311896] cloud-init[942]: Your public key has been saved in /etc/ssh/ssh_host_dsa_key.pub.
[   28.323787] cloud-init[942]: The key fingerprint is:
         Starting LSB: MD monitoring daemon...
[   28.362356] cloud-init[942]: SHA256:RjAHIyWR4wR/aW/uFda4hpiwKWJvtuqFSfOLoydY5Yo root@ubuntu-xenial
[   28.392924] cloud-init[942]: The key's randomart image is:
[   28.401215] cloud-init[942]: +---[DSA 1024]----+
[   28.404041] cloud-init[942]: |  ..++*..        |
[   28.410513] cloud-init[942]: |   .+o *         |
[   28.413178] cloud-init[942]: |   o..+ .        |
[   28.417129] cloud-init[942]: |    oo o   o     |
[   28.420393] cloud-init[942]: | o o.   S + .    |
[   28.424785] cloud-init[942]: |. * .+ * o o     |
[   28.428521] cloud-init[942]: |o*.+o o o +      |
[   28.441122] cloud-init[942]: |Eo*+.  . o       |
[   28.452891] cloud-init[942]: |+*=+.   .        |
         Starting Virtualbox guest utils...
[   28.459718] cloud-init[942]: +----[SHA256]-----+
[   28.566981] [[0;32m  OK  [0m] Started Deferred execution scheduler.
cloud-init[942]: Generating public/private ecdsa key pair.
[   28.576773] cloud-init[942]: Your identification has been saved in /etc/ssh/ssh_host_ecdsa_key.
[   28.595080] cloud-init[942]: Your public key has been saved in /etc/ssh/ssh_host_ecdsa_key.pub.
[   28.614633] cloud-init[942]: The key fingerprint is:
[   28.622595] cloud-init[942]: SHA256:0ZSkiFUfevuqhB2Wq/vNbKXTwRJ/QZDASQTajYSFo4Y root@ubuntu-xenial
[   28.628529] cloud-init[942]: The key's randomart image is:
[[0;32m  OK  [0m] Started Regular background program processing daemon.
[   28.689297] cloud-init[942]: +---[ECDSA 256]---+
[   28.742094] cloud-init[942]: |      .==*B+.o   |
         [   28.829337] Starting Login Service...cloud-init
[942]: |     o+= O+.. .  |
         Starting /etc/rc.local Compatibility...
[   28.893797] cloud-init[942]: |   ...o.* =  .   |
[   28.921035] cloud-init[942]: |  E o    +..  .  |
[   28.950623] cloud-init[942]: |   .    S .+   . |
[   28.954357] cloud-init[942]: |       + o..= .  |
[   28.963975] cloud-init[942]: |      . +  =.o   |
[   28.966990] cloud-init[942]: |       o ++..    |
[   28.970689] cloud-init[942]: |      oooo=.     |
[   28.977396] cloud-init[942]: +----[SHA256]-----+
[   28.994308] cloud-init[942]: Generating public/private ed25519 key pair.
[   29.001778] cloud-init[942]: Your identification has been saved in /etc/ssh/ssh_host_ed25519_key.
[   29.009605] cloud-init[942]: Your public key has been saved in /etc/ssh/ssh_host_ed25519_key.pub.
[   29.013950] cloud-init[942]: The key fingerprint is:
[   29.017645] cloud-init[942]: SHA256:xJvJWB5bNMEZWMYiA7kZcME9U+N83csnS4mJps8TTfU root@ubuntu-xenial
[   29.057267] cloud-init[942]: The key's randomart image is:
[   29.077922] cloud-init[942]: +--[ED25519 256]--+
[   29.085031] cloud-init[942]: |  .o+= .o=B+     |
[   29.085421] cloud-init[942]: |   .+ *+o++o ..  |
[   29.085886] cloud-init[942]: |     + =B.o .... |
[   29.086786] cloud-init[942]: |    o  * O ..+ oE|
[   29.090775] cloud-init[942]: |      . S ooo * .|
[   29.091436] cloud-init[942]: |         o. .. + |
[   29.092594] cloud-init[942]: |        .  .  .  |
[   29.093810] cloud-init[942]: |         o.      |
         Starting System Logging Service...
[   29.100062] cloud-init[942]: |          o.     |
[   29.404508] cloud-init[942]: +----[SHA256]-----+
         Starting LSB: Record successful boot for GRUB...
         Starting LXD - container startup/shutdown...
[[0;32m  OK  [0m] Started FUSE filesystem for LXC.
         Starting Pollinate to seed the pseudo random number generator...
[[0;32m  OK  [0m] Started D-Bus System Message Bus.
[[0;32m  OK  [0m] Started ACPI event daemon.
         Starting Snappy daemon...
[[0;32m  OK  [0m] Started System Logging Service.
[[0;32m  OK  [0m] Started iSCSI initiator daemon (iscsid).
[[0;32m  OK  [0m] Started /etc/rc.local Compatibility.
[[0;32m  OK  [0m] Started Login Service.
[[0;32m  OK  [0m] Started Unattended Upgrades Shutdown.
         Starting Authenticate and Authorize Users to Run Privileged Tasks...
         Starting Login to default iSCSI targets...
[[0;32m  OK  [0m] Started LSB: MD monitoring daemon.
[[0;32m  OK  [0m] Started LSB: Record successful boot for GRUB.
[[0;32m  OK  [0m] Started Authenticate and Authorize Users to Run Privileged Tasks.
[[0;32m  OK  [0m] Started LXD - container startup/shutdown.
[[0;32m  OK  [0m] Started Accounts Service.
[[0;32m  OK  [0m] Started Login to default iSCSI targets.
[[0;32m  OK  [0m] Reached target Remote File Systems (Pre).
[[0;32m  OK  [0m] Reached target Remote File Systems.
         Starting LSB: Set the CPU Frequency Scaling governor to "ondemand"...
         Starting Permit User Sessions...
         Starting LSB: daemon to balance interrupts for SMP systems...
         Starting LSB: automatic crash report generation...
[[0;32m  OK  [0m] Started Permit User Sessions.
         Starting Terminate Plymouth Boot Screen...
         Starting Hold until boot process finishes up...
[[0;32m  OK  [0m] Started Terminate Plymouth Boot Screen.
[[0;32m  OK  [0m] Started Hold until boot process finishes up.
[[0;32m  OK  [0m] Started Getty on tty1.
[[0;32m  OK  [0m] Started Serial Getty on ttyS0.
[[0;32m  OK  [0m] Reached target Login Prompts.
         Starting Set console scheme...
[[0;32m  OK  [0m] Started Virtualbox guest utils.
[[0;32m  OK  [0m] Started Set console scheme.
[[0;32m  OK  [0m] Started LSB: Set the CPU Frequency Scaling governor to "ondemand".
[[0;32m  OK  [0m] Started LSB: daemon to balance interrupts for SMP systems.
[[0;32m  OK  [0m] Started LSB: automatic crash report generation.
[[0;32m  OK  [0m] Started Snappy daemon.
         Starting Wait until snapd is fully seeded...
[[0;32m  OK  [0m] Started Pollinate to seed the pseudo random number generator.
         Starting OpenBSD Secure Shell server...
[[0;32m  OK  [0m] Started OpenBSD Secure Shell server.
[[0;32m  OK  [0m] Created slice User Slice of vagrant.
         Starting User Manager for UID 1000...
[[0;32m  OK  [0m] Started Session 1 of user vagrant.
[[0;32m  OK  [0m] Started User Manager for UID 1000.

Ubuntu 16.04.6 LTS ubuntu-xenial ttyS0

ubuntu-xenial login: [   40.186403] cloud-init[1379]: Generating locales (this might take a while)...
[   43.234606] cloud-init[1379]:   en_US.UTF-8... done
[   43.250541] cloud-init[1379]: Generation complete.
[   45.681592] cloud-init[1379]: Cloud-init v. 19.1-1-gbaa47854-0ubuntu1~16.04.1 running 'modules:config' at Thu, 22 Aug 2019 17:02:04 +0000. Up 39.32 seconds.
ci-info: no authorized ssh keys fingerprints found for user ubuntu.
<14>Aug 22 17:02:12 ec2: 
<14>Aug 22 17:02:12 ec2: #############################################################
<14>Aug 22 17:02:12 ec2: -----BEGIN SSH HOST KEY FINGERPRINTS-----
<14>Aug 22 17:02:12 ec2: 1024 SHA256:RjAHIyWR4wR/aW/uFda4hpiwKWJvtuqFSfOLoydY5Yo root@ubuntu-xenial (DSA)
<14>Aug 22 17:02:12 ec2: 256 SHA256:0ZSkiFUfevuqhB2Wq/vNbKXTwRJ/QZDASQTajYSFo4Y root@ubuntu-xenial (ECDSA)
<14>Aug 22 17:02:12 ec2: 256 SHA256:xJvJWB5bNMEZWMYiA7kZcME9U+N83csnS4mJps8TTfU root@ubuntu-xenial (ED25519)
<14>Aug 22 17:02:12 ec2: 2048 SHA256:mCIyYgeewkQwTJnbsu+VW57FoWCVQEcWUmLqvCCi/n0 root@ubuntu-xenial (RSA)
<14>Aug 22 17:02:12 ec2: -----END SSH HOST KEY FINGERPRINTS-----
<14>Aug 22 17:02:12 ec2: #############################################################
-----BEGIN SSH HOST KEY KEYS-----
ecdsa-sha2-nistp256 AAAAE2VjZHNhLXNoYTItbmlzdHAyNTYAAAAIbmlzdHAyNTYAAABBBB/n5nN2Tp76EHYk6BOeQH9mKkItWcuoOAUFmNxtZlDyLHFU66kY69nYUzSwFUjeIhXJ1KbWAkztAGPTJVLWCIc= root@ubuntu-xenial
ssh-ed25519 AAAAC3NzaC1lZDI1NTE5AAAAICGuOl3g2BT7fA0EQ3lX/CjfFROZW9/q2DIe7Nz6d2is root@ubuntu-xenial
ssh-rsa AAAAB3NzaC1yc2EAAAADAQABAAABAQDnBrZO5ZePGU2wGKcdqyaGD64Oe+z0YAX0kQS9BBzZLagKKw7j9LfXXbfUHORWSg0qpsW6fUFWb691+9UUh8BZ5jRENMSbs9DDw+lmCCZM+JVRFjXjQDS1HDXN+EznofMIT7623viWendov+2F6LYNFZ9TN0JOWME26/Osh+bYbfJk1gMVsATdLjcu79e0+1cPuHdl4YzJd4lKAq8GTPU+p5vbMR1AI+gew+Nv71QHWkNjVzdHI9oIs+63+YmPTrUa4fYU2NwKer1neO3IeOOZoKo/5RllV4zARJp+LmGGLYpadnrZRA5+NTOZ+S+VvFSCxFSz+Dxk/0qij+/MPv75 root@ubuntu-xenial
-----END SSH HOST KEY KEYS-----
[   47.377972] cloud-init[1574]: Cloud-init v. 19.1-1-gbaa47854-0ubuntu1~16.04.1 running 'modules:final' at Thu, 22 Aug 2019 17:02:11 +0000. Up 46.66 seconds.
[   47.378887] cloud-init[1574]: ci-info: no authorized ssh keys fingerprints found for user ubuntu.
[   47.379561] cloud-init[1574]: Cloud-init v. 19.1-1-gbaa47854-0ubuntu1~16.04.1 finished at Thu, 22 Aug 2019 17:02:12 +0000. Datasource DataSourceNoCloud [seed=/dev/sdb][dsmode=net].  Up 47.34 seconds
